command: ["node","scripts/run-node22.mjs","node_modules/vitest/vitest.mjs","run","tests/integration/workflow-pipeline-call.test.ts","tests/integration/workflow-pipeline-slash.test.ts","tests/integration/forge-e2e.test.ts","tests/unit/thinking.test.ts","tests/unit/tribunal-modes.test.ts","tests/unit/brainstorm-dedup.test.ts","tests/unit/review-roles.test.ts","tests/unit/rag-core.test.ts","tests/unit/rooms.test.ts","tests/unit/daemon-workflow-job.test.ts"]
exitCode: 0
signal: none
error: none
outputBytes: 15105
outputHash: sha256:f35184b32846e02342a2b1655c5f74d611c8407ce7e8e4d68afec078621561cb
outputTruncated: false


 RUN  v3.2.7 /Users/ra/dev/agon-modular-slice-1a

 ✓ tests/unit/rooms.test.ts (9 tests) 23ms
 ✓ tests/unit/rag-core.test.ts (14 tests) 284ms
 ✓ tests/unit/daemon-workflow-job.test.ts (17 tests) 13ms
 ✓ tests/unit/review-roles.test.ts (11 tests) 3ms
 ✓ tests/unit/brainstorm-dedup.test.ts (1 test) 46ms
 ✓ tests/integration/workflow-pipeline-call.test.ts (7 tests) 5ms
 ✓ tests/unit/thinking.test.ts (34 tests) 5ms
 ✓ tests/unit/tribunal-modes.test.ts (33 tests) 5ms
 ✓ tests/integration/workflow-pipeline-slash.test.ts (11 tests) 15ms
 ✓ tests/integration/forge-e2e.test.ts (23 tests) 23756ms
   ✓ Forge E2E > links dependencies into external worktrees while preserving workspace packages  1014ms
   ✓ Forge E2E > runs the real forge loop and persists the winning manifest and patch  1672ms
   ✓ Forge E2E > still dispatches engines when the baseline fitness already passes  1512ms
   ✓ Forge E2E > persists completed stage2 engine results while slower engines are still running  1502ms
   ✓ Forge E2E > surfaces synthesis completion when critics return no structured critiques  1519ms
   ✓ Forge E2E > routes API-only forge engines through the tool-using agent loop  1351ms
   ✓ Forge E2E > captures patch changes generated by the fitness command  1396ms
   ✓ Forge E2E > continues to challengers when the starter dispatch fails  1417ms
   ✓ Forge E2E > does not retry a failed starter on an engine outside the active forge roster  1165ms
   ✓ Forge E2E > continues challengers when one stage2 engine fails  1490ms
   ✓ Forge E2E > clears engine pid when a stage2 dispatch throws after spawning  1371ms
   ✓ Forge E2E > scores a timed-out engine when it left a valid candidate diff  2854ms
   ✓ Forge E2E > bases forge worktrees on dirty tracked changes  1374ms
   ✓ Forge E2E > persists a patch artifact for the winning team forge submission  1505ms
   ✓ Forge E2E > routes API-only team forge implementers through the tool-using agent loop  1562ms

 Test Files  10 passed (10)
      Tests  160 passed (160)
   Start at  15:23:55
   Duration  24.09s (transform 1.70s, setup 141ms, collect 7.38s, tests 24.16s, environment 1ms, prepare 337ms)


hint: Using 'master' as the name for the initial branch. This default branch name
hint: will change to "main" in Git 3.0. To configure the initial branch name
hint: to use in all of your new repositories, which will suppress this warning,
hint: call:
hint:
hint: 	git config --global init.defaultBranch <name>
hint:
hint: Names commonly chosen instead of 'master' are 'main', 'trunk' and
hint: 'development'. The just-created branch can be renamed via this command:
hint:
hint: 	git branch -m <name>
hint:
hint: Disable this message with "git config set advice.defaultBranchName false"
hint: Using 'master' as the name for the initial branch. This default branch name
hint: will change to "main" in Git 3.0. To configure the initial branch name
hint: to use in all of your new repositories, which will suppress this warning,
hint: call:
hint:
hint: 	git config --global init.defaultBranch <name>
hint:
hint: Names commonly chosen instead of 'master' are 'main', 'trunk' and
hint: 'development'. The just-created branch can be renamed via this command:
hint:
hint: 	git branch -m <name>
hint:
hint: Disable this message with "git config set advice.defaultBranchName false"
stderr | tests/integration/forge-e2e.test.ts > Forge E2E > runs the real forge loop and persists the winning manifest and patch
[agon] syntax validator: tree-sitter or a grammar not installed — install with `npm run install:python -w packages/dedup`

hint: Using 'master' as the name for the initial branch. This default branch name
hint: will change to "main" in Git 3.0. To configure the initial branch name
hint: to use in all of your new repositories, which will suppress this warning,
hint: call:
hint:
hint: 	git config --global init.defaultBranch <name>
hint:
hint: Names commonly chosen instead of 'master' are 'main', 'trunk' and
hint: 'development'. The just-created branch can be renamed via this command:
hint:
hint: 	git branch -m <name>
hint:
hint: Disable this message with "git config set advice.defaultBranchName false"
hint: Using 'master' as the name for the initial branch. This default branch name
hint: will change to "main" in Git 3.0. To configure the initial branch name
hint: to use in all of your new repositories, which will suppress this warning,
hint: call:
hint:
hint: 	git config --global init.defaultBranch <name>
hint:
hint: Names commonly chosen instead of 'master' are 'main', 'trunk' and
hint: 'development'. The just-created branch can be renamed via this command:
hint:
hint: 	git branch -m <name>
hint:
hint: Disable this message with "git config set advice.defaultBranchName false"
hint: Using 'master' as the name for the initial branch. This default branch name
hint: will change to "main" in Git 3.0. To configure the initial branch name
hint: to use in all of your new repositories, which will suppress this warning,
hint: call:
hint:
hint: 	git config --global init.defaultBranch <name>
hint:
hint: Names commonly chosen instead of 'master' are 'main', 'trunk' and
hint: 'development'. The just-created branch can be renamed via this command:
hint:
hint: 	git branch -m <name>
hint:
hint: Disable this message with "git config set advice.defaultBranchName false"
hint: Using 'master' as the name for the initial branch. This default branch name
hint: will change to "main" in Git 3.0. To configure the initial branch name
hint: to use in all of your new repositories, which will suppress this warning,
hint: call:
hint:
hint: 	git config --global init.defaultBranch <name>
hint:
hint: Names commonly chosen instead of 'master' are 'main', 'trunk' and
hint: 'development'. The just-created branch can be renamed via this command:
hint:
hint: 	git branch -m <name>
hint:
hint: Disable this message with "git config set advice.defaultBranchName false"
hint: Using 'master' as the name for the initial branch. This default branch name
hint: will change to "main" in Git 3.0. To configure the initial branch name
hint: to use in all of your new repositories, which will suppress this warning,
hint: call:
hint:
hint: 	git config --global init.defaultBranch <name>
hint:
hint: Names commonly chosen instead of 'master' are 'main', 'trunk' and
hint: 'development'. The just-created branch can be renamed via this command:
hint:
hint: 	git branch -m <name>
hint:
hint: Disable this message with "git config set advice.defaultBranchName false"
hint: Using 'master' as the name for the initial branch. This default branch name
hint: will change to "main" in Git 3.0. To configure the initial branch name
hint: to use in all of your new repositories, which will suppress this warning,
hint: call:
hint:
hint: 	git config --global init.defaultBranch <name>
hint:
hint: Names commonly chosen instead of 'master' are 'main', 'trunk' and
hint: 'development'. The just-created branch can be renamed via this command:
hint:
hint: 	git branch -m <name>
hint:
hint: Disable this message with "git config set advice.defaultBranchName false"
hint: Using 'master' as the name for the initial branch. This default branch name
hint: will change to "main" in Git 3.0. To configure the initial branch name
hint: to use in all of your new repositories, which will suppress this warning,
hint: call:
hint:
hint: 	git config --global init.defaultBranch <name>
hint:
hint: Names commonly chosen instead of 'master' are 'main', 'trunk' and
hint: 'development'. The just-created branch can be renamed via this command:
hint:
hint: 	git branch -m <name>
hint:
hint: Disable this message with "git config set advice.defaultBranchName false"
stderr | tests/integration/forge-e2e.test.ts > Forge E2E > continues to challengers when the starter dispatch fails
[agon] forge stage2: engine starter failed: starter unavailable

hint: Using 'master' as the name for the initial branch. This default branch name
hint: will change to "main" in Git 3.0. To configure the initial branch name
hint: to use in all of your new repositories, which will suppress this warning,
hint: call:
hint:
hint: 	git config --global init.defaultBranch <name>
hint:
hint: Names commonly chosen instead of 'master' are 'main', 'trunk' and
hint: 'development'. The just-created branch can be renamed via this command:
hint:
hint: 	git branch -m <name>
hint:
hint: Disable this message with "git config set advice.defaultBranchName false"
stderr | tests/integration/forge-e2e.test.ts > Forge E2E > does not retry a failed starter on an engine outside the active forge roster
[agon] forge stage1: engine starter failed: starter unavailable

hint: Using 'master' as the name for the initial branch. This default branch name
hint: will change to "main" in Git 3.0. To configure the initial branch name
hint: to use in all of your new repositories, which will suppress this warning,
hint: call:
hint:
hint: 	git config --global init.defaultBranch <name>
hint:
hint: Names commonly chosen instead of 'master' are 'main', 'trunk' and
hint: 'development'. The just-created branch can be renamed via this command:
hint:
hint: 	git branch -m <name>
hint:
hint: Disable this message with "git config set advice.defaultBranchName false"
stderr | tests/integration/forge-e2e.test.ts > Forge E2E > continues challengers when one stage2 engine fails
[agon] forge stage2: engine scout failed: scout crashed

hint: Using 'master' as the name for the initial branch. This default branch name
hint: will change to "main" in Git 3.0. To configure the initial branch name
hint: to use in all of your new repositories, which will suppress this warning,
hint: call:
hint:
hint: 	git config --global init.defaultBranch <name>
hint:
hint: Names commonly chosen instead of 'master' are 'main', 'trunk' and
hint: 'development'. The just-created branch can be renamed via this command:
hint:
hint: 	git branch -m <name>
hint:
hint: Disable this message with "git config set advice.defaultBranchName false"
stderr | tests/integration/forge-e2e.test.ts > Forge E2E > clears engine pid when a stage2 dispatch throws after spawning
[agon] forge stage2: engine broken failed: engine crashed after spawn

hint: Using 'master' as the name for the initial branch. This default branch name
hint: will change to "main" in Git 3.0. To configure the initial branch name
hint: to use in all of your new repositories, which will suppress this warning,
hint: call:
hint:
hint: 	git config --global init.defaultBranch <name>
hint:
hint: Names commonly chosen instead of 'master' are 'main', 'trunk' and
hint: 'development'. The just-created branch can be renamed via this command:
hint:
hint: 	git branch -m <name>
hint:
hint: Disable this message with "git config set advice.defaultBranchName false"
hint: Using 'master' as the name for the initial branch. This default branch name
hint: will change to "main" in Git 3.0. To configure the initial branch name
hint: to use in all of your new repositories, which will suppress this warning,
hint: call:
hint:
hint: 	git config --global init.defaultBranch <name>
hint:
hint: Names commonly chosen instead of 'master' are 'main', 'trunk' and
hint: 'development'. The just-created branch can be renamed via this command:
hint:
hint: 	git branch -m <name>
hint:
hint: Disable this message with "git config set advice.defaultBranchName false"
hint: Using 'master' as the name for the initial branch. This default branch name
hint: will change to "main" in Git 3.0. To configure the initial branch name
hint: to use in all of your new repositories, which will suppress this warning,
hint: call:
hint:
hint: 	git config --global init.defaultBranch <name>
hint:
hint: Names commonly chosen instead of 'master' are 'main', 'trunk' and
hint: 'development'. The just-created branch can be renamed via this command:
hint:
hint: 	git branch -m <name>
hint:
hint: Disable this message with "git config set advice.defaultBranchName false"
hint: Using 'master' as the name for the initial branch. This default branch name
hint: will change to "main" in Git 3.0. To configure the initial branch name
hint: to use in all of your new repositories, which will suppress this warning,
hint: call:
hint:
hint: 	git config --global init.defaultBranch <name>
hint:
hint: Names commonly chosen instead of 'master' are 'main', 'trunk' and
hint: 'development'. The just-created branch can be renamed via this command:
hint:
hint: 	git branch -m <name>
hint:
hint: Disable this message with "git config set advice.defaultBranchName false"
hint: Using 'master' as the name for the initial branch. This default branch name
hint: will change to "main" in Git 3.0. To configure the initial branch name
hint: to use in all of your new repositories, which will suppress this warning,
hint: call:
hint:
hint: 	git config --global init.defaultBranch <name>
hint:
hint: Names commonly chosen instead of 'master' are 'main', 'trunk' and
hint: 'development'. The just-created branch can be renamed via this command:
hint:
hint: 	git branch -m <name>
hint:
hint: Disable this message with "git config set advice.defaultBranchName false"
stderr | tests/integration/forge-e2e.test.ts > Forge E2E > returns brainstorm drafts when final synthesis dispatch fails
[agon] brainstorm synthesis (thinker) failed: synthesis failed

stderr | tests/integration/forge-e2e.test.ts > Forge E2E > does not rank empty brainstorm replies as usable drafts
[agon] brainstorm dispatch (empty) failed after 2 attempt(s): empty

stderr | tests/integration/forge-e2e.test.ts > Forge E2E > does not rank empty brainstorm replies as usable drafts
[agon] brainstorm panel degraded: empty empty → retry empty, dropped (1/2 responded)

stderr | tests/integration/forge-e2e.test.ts > Forge E2E > fails honestly when every brainstorm seat is unusable
[agon] brainstorm dispatch (empty-a) failed after 2 attempt(s): empty
[agon] brainstorm dispatch (empty-b) failed after 2 attempt(s): empty

stderr | tests/integration/forge-e2e.test.ts > Forge E2E > fails honestly when every brainstorm seat is unusable
[agon] brainstorm panel degraded: empty-a empty → retry empty, dropped; empty-b empty → retry empty, dropped (0/2 responded)

stderr | tests/integration/forge-e2e.test.ts > Forge E2E > falls back to debate text when tribunal summary engine returns empty output
[agon] tribunal summary failed: tribunal summary returned empty response

hint: Using 'master' as the name for the initial branch. This default branch name
hint: will change to "main" in Git 3.0. To configure the initial branch name
hint: to use in all of your new repositories, which will suppress this warning,
hint: call:
hint:
hint: 	git config --global init.defaultBranch <name>
hint:
hint: Names commonly chosen instead of 'master' are 'main', 'trunk' and
hint: 'development'. The just-created branch can be renamed via this command:
hint:
hint: 	git branch -m <name>
hint:
hint: Disable this message with "git config set advice.defaultBranchName false"

[agon] Cleaning up active git worktrees...

[agon] Cleaning up active git worktrees...
